Flow report for DE0_Digital_IO_Wing
Mon Mar 02 23:07:20 2015
Quartus II 32-bit Version 13.0.1 Build 232 06/12/2013 Service Pack 1 SJ Web Edition


---------------------
; Table of Contents ;
---------------------
  1. Legal Notice
  2. Flow Summary
  3. Flow Settings
  4. Flow Non-Default Global Settings
  5. Flow Elapsed Time
  6. Flow OS Summary
  7. Flow Log
  8. Flow Messages
  9. Flow Suppressed Messages



----------------
; Legal Notice ;
----------------
Copyright (C) 1991-2013 Altera Corporation
Your use of Altera Corporation's design tools, logic functions 
and other software and tools, and its AMPP partner logic 
functions, and any output files from any of the foregoing 
(including device programming or simulation files), and any 
associated documentation or information are expressly subject 
to the terms and conditions of the Altera Program License 
Subscription Agreement, Altera MegaCore Function License 
Agreement, or other applicable license agreement, including, 
without limitation, that your use is for the sole purpose of 
programming logic devices manufactured by Altera and sold by 
Altera or its authorized distributors.  Please refer to the 
applicable agreement for further details.



+--------------------------------------------------------------------------------------+
; Flow Summary                                                                         ;
+------------------------------------+-------------------------------------------------+
; Flow Status                        ; Successful - Mon Mar 02 23:07:17 2015           ;
; Quartus II 32-bit Version          ; 13.0.1 Build 232 06/12/2013 SP 1 SJ Web Edition ;
; Revision Name                      ; DE0_Digital_IO_Wing                             ;
; Top-level Entity Name              ; DE0_Digital_IO_Wing_Test                        ;
; Family                             ; Cyclone III                                     ;
; Device                             ; EP3C16F484C6                                    ;
; Timing Models                      ; Final                                           ;
; Total logic elements               ; 41 / 15,408 ( < 1 % )                           ;
;     Total combinational functions  ; 11 / 15,408 ( < 1 % )                           ;
;     Dedicated logic registers      ; 41 / 15,408 ( < 1 % )                           ;
; Total registers                    ; 41                                              ;
; Total pins                         ; 41 / 347 ( 12 % )                               ;
; Total virtual pins                 ; 0                                               ;
; Total memory bits                  ; 0 / 516,096 ( 0 % )                             ;
; Embedded Multiplier 9-bit elements ; 0 / 112 ( 0 % )                                 ;
; Total PLLs                         ; 0 / 4 ( 0 % )                                   ;
+------------------------------------+-------------------------------------------------+


+-----------------------------------------+
; Flow Settings                           ;
+-------------------+---------------------+
; Option            ; Setting             ;
+-------------------+---------------------+
; Start date & time ; 03/02/2015 23:07:03 ;
; Main task         ; Compilation         ;
; Revision Name     ; DE0_Digital_IO_Wing ;
+-------------------+---------------------+


+-------------------------------------------------------------------------------------------------------------------------------------------+
; Flow Non-Default Global Settings                                                                                                          ;
+-------------------------------------+---------------------------------------+---------------------+--------------------------+------------+
; Assignment Name                     ; Value                                 ; Default Value       ; Entity Name              ; Section Id ;
+-------------------------------------+---------------------------------------+---------------------+--------------------------+------------+
; COMPILER_SIGNATURE_ID               ; 9210271267999.142535922303848         ; --                  ; --                       ; --         ;
; MAX_CORE_JUNCTION_TEMP              ; 85                                    ; --                  ; --                       ; --         ;
; MIN_CORE_JUNCTION_TEMP              ; 0                                     ; --                  ; --                       ; --         ;
; PARTITION_COLOR                     ; 16764057                              ; --                  ; DE0_Digital_IO_Wing_Test ; Top        ;
; PARTITION_FITTER_PRESERVATION_LEVEL ; PLACEMENT_AND_ROUTING                 ; --                  ; DE0_Digital_IO_Wing_Test ; Top        ;
; PARTITION_NETLIST_TYPE              ; SOURCE                                ; --                  ; DE0_Digital_IO_Wing_Test ; Top        ;
; POWER_BOARD_THERMAL_MODEL           ; None (CONSERVATIVE)                   ; --                  ; --                       ; --         ;
; POWER_PRESET_COOLING_SOLUTION       ; 23 MM HEAT SINK WITH 200 LFPM AIRFLOW ; --                  ; --                       ; --         ;
; PROJECT_OUTPUT_DIRECTORY            ; output_files                          ; --                  ; --                       ; --         ;
; TOP_LEVEL_ENTITY                    ; DE0_Digital_IO_Wing_Test              ; DE0_Digital_IO_Wing ; --                       ; --         ;
; VERILOG_INPUT_VERSION               ; SystemVerilog_2005                    ; Verilog_2001        ; --                       ; --         ;
; VERILOG_SHOW_LMF_MAPPING_MESSAGES   ; Off                                   ; --                  ; --                       ; --         ;
+-------------------------------------+---------------------------------------+---------------------+--------------------------+------------+


+-------------------------------------------------------------------------------------------------------------------------------+
; Flow Elapsed Time                                                                                                             ;
+---------------------------+--------------+-------------------------+---------------------+------------------------------------+
; Module Name               ; Elapsed Time ; Average Processors Used ; Peak Virtual Memory ; Total CPU Time (on all processors) ;
+---------------------------+--------------+-------------------------+---------------------+------------------------------------+
; Analysis & Synthesis      ; 00:00:02     ; 1.0                     ; 338 MB              ; 00:00:02                           ;
; Fitter                    ; 00:00:09     ; 1.0                     ; 516 MB              ; 00:00:10                           ;
; Assembler                 ; 00:00:01     ; 1.0                     ; 343 MB              ; 00:00:02                           ;
; TimeQuest Timing Analyzer ; 00:00:02     ; 1.0                     ; 363 MB              ; 00:00:02                           ;
; Total                     ; 00:00:14     ; --                      ; --                  ; 00:00:16                           ;
+---------------------------+--------------+-------------------------+---------------------+------------------------------------+


+----------------------------------------------------------------------------------------+
; Flow OS Summary                                                                        ;
+---------------------------+------------------+-----------+------------+----------------+
; Module Name               ; Machine Hostname ; OS Name   ; OS Version ; Processor type ;
+---------------------------+------------------+-----------+------------+----------------+
; Analysis & Synthesis      ; Parker-01        ; Windows 7 ; 6.1        ; x86_64         ;
; Fitter                    ; Parker-01        ; Windows 7 ; 6.1        ; x86_64         ;
; Assembler                 ; Parker-01        ; Windows 7 ; 6.1        ; x86_64         ;
; TimeQuest Timing Analyzer ; Parker-01        ; Windows 7 ; 6.1        ; x86_64         ;
+---------------------------+------------------+-----------+------------+----------------+


------------
; Flow Log ;
------------
quartus_map --read_settings_files=on --write_settings_files=off DE0_Digital_IO_Wing -c DE0_Digital_IO_Wing
quartus_fit --read_settings_files=off --write_settings_files=off DE0_Digital_IO_Wing -c DE0_Digital_IO_Wing
quartus_asm --read_settings_files=off --write_settings_files=off DE0_Digital_IO_Wing -c DE0_Digital_IO_Wing
quartus_sta DE0_Digital_IO_Wing -c DE0_Digital_IO_Wing



